---
http_interactions:
- request:
    method: get
    uri: https://api.emailcampaigns.net/2/REST/?key=%{API_KEY}&method=List_Add_Public&name=send-standard-campaign-failure
    body:
      encoding: US-ASCII
      string: ''
    headers:
      Accept:
      - application/json
      User-Agent:
      - contactology/0.1.2 (Rubygems; Ruby 1.9.3 x86_64-darwin12.2.0)
  response:
    status:
      code: 200
      message: OK
    headers:
      X-Powered-By:
      - PHP/5.2.10
      Set-Cookie:
      - PHPSESSID=3fa6a857c51543860d7542a7768fc7e2; path=/
      Expires:
      - Thu, 19 Nov 1981 08:52:00 GMT
      Cache-Control:
      - no-store, no-cache, must-revalidate, post-check=0, pre-check=0
      Pragma:
      - no-cache
      Content-Type:
      - text/plain;charset=UTF-8
      Connection:
      - close
      Transfer-Encoding:
      - chunked
      Date:
      - Wed, 20 Feb 2013 05:14:50 GMT
      Server:
      - lighttpd/1.4.28
    body:
      encoding: US-ASCII
      string: '161'
    http_version: 
  recorded_at: Wed, 20 Feb 2013 05:14:50 GMT
- request:
    method: get
    uri: https://api.emailcampaigns.net/2/REST/?key=%{API_KEY}&listId=161&method=List_Get_Info
    body:
      encoding: US-ASCII
      string: ''
    headers:
      Accept:
      - application/json
      User-Agent:
      - contactology/0.1.2 (Rubygems; Ruby 1.9.3 x86_64-darwin12.2.0)
  response:
    status:
      code: 200
      message: OK
    headers:
      X-Powered-By:
      - PHP/5.2.10
      Set-Cookie:
      - PHPSESSID=7fb32ec828ace0e7fd2e2ba9904e78aa; path=/
      Expires:
      - Thu, 19 Nov 1981 08:52:00 GMT
      Cache-Control:
      - no-store, no-cache, must-revalidate, post-check=0, pre-check=0
      Pragma:
      - no-cache
      Content-Type:
      - text/plain;charset=UTF-8
      Connection:
      - close
      Transfer-Encoding:
      - chunked
      Date:
      - Wed, 20 Feb 2013 05:14:50 GMT
      Server:
      - lighttpd/1.4.28
    body:
      encoding: US-ASCII
      string: ! '{"listId":"161","name":"send-standard-campaign-failure","description":null,"type":"public","created":"2013-02-20
        05:14:50","optIn":false}'
    http_version: 
  recorded_at: Wed, 20 Feb 2013 05:14:51 GMT
- request:
    method: get
    uri: https://api.emailcampaigns.net/2/REST/?email=factory-contact@example.com&key=%{API_KEY}&method=Contact_Add&optionalParameters%5BupdateCustomFields%5D=true
    body:
      encoding: US-ASCII
      string: ''
    headers:
      Accept:
      - application/json
      User-Agent:
      - contactology/0.1.2 (Rubygems; Ruby 1.9.3 x86_64-darwin12.2.0)
  response:
    status:
      code: 200
      message: OK
    headers:
      X-Powered-By:
      - PHP/5.2.10
      Set-Cookie:
      - PHPSESSID=050b00c868f1f616d322d4d6c9e7b799; path=/
      Expires:
      - Thu, 19 Nov 1981 08:52:00 GMT
      Cache-Control:
      - no-store, no-cache, must-revalidate, post-check=0, pre-check=0
      Pragma:
      - no-cache
      Content-Type:
      - text/plain;charset=UTF-8
      Connection:
      - close
      Transfer-Encoding:
      - chunked
      Date:
      - Wed, 20 Feb 2013 05:14:51 GMT
      Server:
      - lighttpd/1.4.28
    body:
      encoding: US-ASCII
      string: 'true'
    http_version: 
  recorded_at: Wed, 20 Feb 2013 05:14:51 GMT
- request:
    method: get
    uri: https://api.emailcampaigns.net/2/REST/?email=factory-contact@example.com&key=%{API_KEY}&listId=161&method=List_Subscribe
    body:
      encoding: US-ASCII
      string: ''
    headers:
      Accept:
      - application/json
      User-Agent:
      - contactology/0.1.2 (Rubygems; Ruby 1.9.3 x86_64-darwin12.2.0)
  response:
    status:
      code: 200
      message: OK
    headers:
      X-Powered-By:
      - PHP/5.2.10
      Set-Cookie:
      - PHPSESSID=10ef2453d35d2a9755344023062aea52; path=/
      Expires:
      - Thu, 19 Nov 1981 08:52:00 GMT
      Cache-Control:
      - no-store, no-cache, must-revalidate, post-check=0, pre-check=0
      Pragma:
      - no-cache
      Content-Type:
      - text/plain;charset=UTF-8
      Connection:
      - close
      Transfer-Encoding:
      - chunked
      Date:
      - Wed, 20 Feb 2013 05:14:54 GMT
      Server:
      - lighttpd/1.4.28
    body:
      encoding: US-ASCII
      string: 'true'
    http_version: 
  recorded_at: Wed, 20 Feb 2013 05:14:55 GMT
- request:
    method: get
    uri: https://api.emailcampaigns.net/2/REST/?campaignName=factory%20campaign&content%5Btext%5D=OMG%20BUY%20VIAGRA&key=%{API_KEY}&method=Campaign_Create_Standard&recipients%5Blist%5D=161&senderEmail=sender@example.com&senderName=Sender%20Example&subject=Factory%20Campaign%20Message
    body:
      encoding: US-ASCII
      string: ''
    headers:
      Accept:
      - application/json
      User-Agent:
      - contactology/0.1.2 (Rubygems; Ruby 1.9.3 x86_64-darwin12.2.0)
  response:
    status:
      code: 200
      message: OK
    headers:
      X-Powered-By:
      - PHP/5.2.10
      Set-Cookie:
      - PHPSESSID=1c85b2815d2f12e20ab2460eccde390a; path=/
      Expires:
      - Thu, 19 Nov 1981 08:52:00 GMT
      Cache-Control:
      - no-store, no-cache, must-revalidate, post-check=0, pre-check=0
      Pragma:
      - no-cache
      Content-Type:
      - text/plain;charset=UTF-8
      Connection:
      - close
      Transfer-Encoding:
      - chunked
      Date:
      - Wed, 20 Feb 2013 05:14:56 GMT
      Server:
      - lighttpd/1.4.28
    body:
      encoding: US-ASCII
      string: '95'
    http_version: 
  recorded_at: Wed, 20 Feb 2013 05:14:56 GMT
- request:
    method: get
    uri: https://api.emailcampaigns.net/2/REST/?campaignId=95&key=%{API_KEY}&method=Campaign_Send
    body:
      encoding: US-ASCII
      string: ''
    headers:
      Accept:
      - application/json
      User-Agent:
      - contactology/0.1.2 (Rubygems; Ruby 1.9.3 x86_64-darwin12.2.0)
  response:
    status:
      code: 200
      message: OK
    headers:
      X-Powered-By:
      - PHP/5.2.10
      Set-Cookie:
      - PHPSESSID=2ce078cf4727809ba3f84caa4c0ab535; path=/
      Expires:
      - Thu, 19 Nov 1981 08:52:00 GMT
      Cache-Control:
      - no-store, no-cache, must-revalidate, post-check=0, pre-check=0
      Pragma:
      - no-cache
      Content-Type:
      - text/plain;charset=UTF-8
      Connection:
      - close
      Transfer-Encoding:
      - chunked
      Date:
      - Wed, 20 Feb 2013 05:14:56 GMT
      Server:
      - lighttpd/1.4.28
    body:
      encoding: US-ASCII
      string: ! '{"success":true,"issues":[]}'
    http_version: 
  recorded_at: Wed, 20 Feb 2013 05:14:57 GMT
- request:
    method: get
    uri: https://api.emailcampaigns.net/2/REST/?key=%{API_KEY}&listId=161&method=List_Delete
    body:
      encoding: US-ASCII
      string: ''
    headers:
      Accept:
      - application/json
      User-Agent:
      - contactology/0.1.2 (Rubygems; Ruby 1.9.3 x86_64-darwin12.2.0)
  response:
    status:
      code: 200
      message: OK
    headers:
      X-Powered-By:
      - PHP/5.2.10
      Set-Cookie:
      - PHPSESSID=cd1bf8582a083135129a25097025c479; path=/
      Expires:
      - Thu, 19 Nov 1981 08:52:00 GMT
      Cache-Control:
      - no-store, no-cache, must-revalidate, post-check=0, pre-check=0
      Pragma:
      - no-cache
      Content-Type:
      - text/plain;charset=UTF-8
      Connection:
      - close
      Transfer-Encoding:
      - chunked
      Date:
      - Wed, 20 Feb 2013 05:14:57 GMT
      Server:
      - lighttpd/1.4.28
    body:
      encoding: US-ASCII
      string: 'true'
    http_version: 
  recorded_at: Wed, 20 Feb 2013 05:14:57 GMT
- request:
    method: get
    uri: https://api.emailcampaigns.net/2/REST/?email=factory-contact@example.com&key=%{API_KEY}&method=Contact_Delete
    body:
      encoding: US-ASCII
      string: ''
    headers:
      Accept:
      - application/json
      User-Agent:
      - contactology/0.1.2 (Rubygems; Ruby 1.9.3 x86_64-darwin12.2.0)
  response:
    status:
      code: 200
      message: OK
    headers:
      X-Powered-By:
      - PHP/5.2.10
      Set-Cookie:
      - PHPSESSID=2d49ab9813a144851d9ae6ee4616201a; path=/
      Expires:
      - Thu, 19 Nov 1981 08:52:00 GMT
      Cache-Control:
      - no-store, no-cache, must-revalidate, post-check=0, pre-check=0
      Pragma:
      - no-cache
      Content-Type:
      - text/plain;charset=UTF-8
      Connection:
      - close
      Transfer-Encoding:
      - chunked
      Date:
      - Wed, 20 Feb 2013 05:14:57 GMT
      Server:
      - lighttpd/1.4.28
    body:
      encoding: US-ASCII
      string: 'true'
    http_version: 
  recorded_at: Wed, 20 Feb 2013 05:14:57 GMT
- request:
    method: get
    uri: https://api.emailcampaigns.net/2/REST/?campaignId=95&key=%{API_KEY}&method=Campaign_Delete
    body:
      encoding: US-ASCII
      string: ''
    headers:
      Accept:
      - application/json
      User-Agent:
      - contactology/0.1.2 (Rubygems; Ruby 1.9.3 x86_64-darwin12.2.0)
  response:
    status:
      code: 200
      message: OK
    headers:
      X-Powered-By:
      - PHP/5.2.10
      Set-Cookie:
      - PHPSESSID=eec1b17b34e04cdf487c6bdeb7307db2; path=/
      Expires:
      - Thu, 19 Nov 1981 08:52:00 GMT
      Cache-Control:
      - no-store, no-cache, must-revalidate, post-check=0, pre-check=0
      Pragma:
      - no-cache
      Content-Type:
      - text/plain;charset=UTF-8
      Connection:
      - close
      Transfer-Encoding:
      - chunked
      Date:
      - Wed, 20 Feb 2013 05:14:58 GMT
      Server:
      - lighttpd/1.4.28
    body:
      encoding: US-ASCII
      string: ! '{"result":"error","message":"Input Error: Campaign 95 has the wrong
        status","code":601}'
    http_version: 
  recorded_at: Wed, 20 Feb 2013 05:14:58 GMT
recorded_with: VCR 2.4.0
